[INFO] Scanning for projects...
[INFO] 
[INFO] ----------------------< com.dtproduct:dt-server >-----------------------
[INFO] Building dt-server 0.0.1-SNAPSHOT
[INFO]   from pom.xml
[INFO] --------------------------------[ jar ]---------------------------------
[INFO] 
[INFO] --- resources:3.3.1:resources (default-resources) @ dt-server ---
[INFO] Copying 1 resource from src\main\resources to target\classes
[INFO] Copying 0 resource from src\main\resources to target\classes
[INFO] 
[INFO] --- compiler:3.13.0:compile (default-compile) @ dt-server ---
[INFO] Recompiling the module because of changed source code.
[INFO] Compiling 26 source files with javac [debug parameters release 21] to target\classes
[INFO] -------------------------------------------------------------
[ERROR] COMPILATION ERROR : 
[INFO] -------------------------------------------------------------
[ERROR] /D:/sohee/DTProject/backend/src/main/java/com/dtproduct/server/domain/StudentReport.java:[34,13] cannot find symbol
  symbol: variable studentNumber
[ERROR] /D:/sohee/DTProject/backend/src/main/java/com/dtproduct/server/domain/StudentReport.java:[48,48] cannot find symbol
  symbol:   variable studentNumber
  location: class com.dtproduct.server.domain.StudentReport
[ERROR] /D:/sohee/DTProject/backend/src/main/java/com/dtproduct/server/domain/StudentReport.java:[49,63] cannot find symbol
  symbol: variable studentNumber
[INFO] 3 errors 
[INFO] -------------------------------------------------------------
[INFO] ------------------------------------------------------------------------
[INFO] BUILD FAILURE
[INFO] ------------------------------------------------------------------------
[INFO] Total time:  1.840 s
[INFO] Finished at: 2026-04-13T11:22:09+09:00
[INFO] ------------------------------------------------------------------------
[ERROR] Failed to execute goal org.apache.maven.plugins:maven-compiler-plugin:3.13.0:compile (default-compile) on project dt-server: Compilation failure: Compilation failure: 
[ERROR] /D:/sohee/DTProject/backend/src/main/java/com/dtproduct/server/domain/StudentReport.java:[34,13] cannot find symbol
[ERROR]   symbol: variable studentNumber
[ERROR] /D:/sohee/DTProject/backend/src/main/java/com/dtproduct/server/domain/StudentReport.java:[48,48] cannot find symbol
[ERROR]   symbol:   variable studentNumber
[ERROR]   location: class com.dtproduct.server.domain.StudentReport
[ERROR] /D:/sohee/DTProject/backend/src/main/java/com/dtproduct/server/domain/StudentReport.java:[49,63] cannot find symbol
[ERROR]   symbol: variable studentNumber
[ERROR] -> [Help 1]
[ERROR] 
[ERROR] To see the full stack trace of the errors, re-run Maven with the -e switch.
[ERROR] Re-run Maven using the -X switch to enable full debug logging.
[ERROR] 
[ERROR] For more information about the errors and possible solutions, please read the following articles:
[ERROR] [Help 1] http://cwiki.apache.org/confluence/display/MAVEN/MojoFailureException
